P13473_LMP2_HUMAN
32 38 49 58 75 101 123 179 229 242 257 275 300 307 317 356
P42098_ZP3_PIG
124 146 179 271
P80069_A45K_MYCBO
7 161
Q13VE3
95
P20840_SAG1_YEAST
79 109 135 248 306 348 364 402 485 501 614
P01042_KNH_HUMAN
48 169 205 294
P07204_TRBM_HUMAN
47 115 116 382 409
Q7S432
173
A3DF24
178
P07585_PGS2_HUMAN
211 262 303
Q9QSP4
196 250 326 443
