M
MAEGGYRTSNHGSSL
MAYPRQYVRCLPKW
MDARISTTFELPYLTICQAFTF
MDKHKKWTPVFLLPLSCPISLSVRHLHSDG
MGLQ
MIDL
MLEAQTDG
MLWTNTRNGRPYFYYL
MPARRPRFLLTQQERRRPAFARLLVVCQTVSLSSGETVECDSG
MPCYGQTQEMDARISTTFELPYLTICQAFTF
MPDGFFVQWGNG
MPDR
MPFC
MPNPEGWVDLVFHAFLLRQAVLGTRLSRRGGYNRKVPIRSSAAPCTSR
MRLSRIALNRFPTGQRNRLAYDK
MSEETD
MTRMLEAQTDG
MTTQKAGIQWAYNKLLTTAFGVTKLD
MVFWYTRR
