M
MACLAPRVPVS
MAIGVVWV
MANGVVATGLGRSLLA
MDRRAMAIGVVWV
MKHAFRISFQANNCVWVN
MLAGHVGWP
MLFSAV
MLGGLNYG
MLGYRLHRMRTIPRPRHESL
MLHAHGGWNLRPLDYSQKASWIQILGSLLPVIKATQHVPRASIVLVGLR
MLRAY
MNRCRFYIPPEMPTAEGYPHGEGPSTL
MNVLALCYFLRFRTNRRPGGASEVAIDTYYYLHATACRWLLA
MPSVSVFRQTIVCGSTKLLVITMNVLALCYFLRFRTNRRPGGASEVAIDTYYYLHATACRWLLA
MPTAEGYPHGEGPSTL
MRMKHAFRISFQANNCVWVN
MRMVAGIYDRWIILRRLLGSKS
MRTIPRPRHESL
MRVAFCCWHFGGYVKSTTIHVWALV
MSGPWYSPHPM
MSIRVNGQRRGSDRIGPLPSCLIL
MSREHLLSW
MSSTSTLKGCYM
MSWRYAIFCGLERIAAQEERRKLQSILIIICTQPPVDGYWRSLGIAIPRLRQ
MTSPEYRTSARA
MVAGIYDRWIILRRLLGSKS
MVITSSLVDPHTIVCLKTDTEGMLHAHGGWNLRPLDYSQKASWIQILGSLLPVIKATQHVPRASIVLVGLR
MVKALPPYEYTSKWPTAW
