>ITSLSUmock2p.ITS_M01380:138:000000000-C9GKM:1:1101:14440:2042 2:N:0
CAAGTTACTTCCTCTAAATGACCAAGCCTAGTGTAGAACCATGTCGTCAGTGTCAGTCTGAGTGTAGATCTCGGTGGTCGCCGTATCATTAAAAAAAAAAATGTAATACTACTAGTAATTATTAATATTATAATTTTGTCTATTAGCATCTTATTATAGATAGAAGATATTATTCATATTTCACTATCTTATACTGATATCAGCTTTATCAGATCACACTCTAGTGAAGATTGTTCTTAACTGAAATTTCCTTCTTCATACAGACACATTAATCTTACCTA
>ITSLSUmock2p.ITS_M01384:138:000000000-C9GKM:1:1101:14440:2043 2:N:0
ACCCGTCAATTTCTTTAAGTTTTAGCCTTGCGACCGTACTCCCCAGGCGGTGCACTTAGTGGTTTTCCGGCGACCCGGGCGGCGTCAGAGCCCCCCAAGTCTCGTGCACATCGTTTACGGCGTGGACTACCAGGGTATCTAATCCTGTTTGATCCCCACGCTTTCGTGCCTCAGCGTCAGTACCGGCCCAGCCACCCGTCTTCACCTTCGGCGTTCCTGTAGATATCTACGCATTTCACCGCTACACCTACAGTTCCGGTGGCGCCTACCGGCCTCAAGAAACGCAGTATGCCCAGCTATT
