@ITSLSUmock2p.ITS_M01380:138:000000000-C9GKM:1:1101:14440:2042 2:N:0
CAAGTTACTTCCTCTAAATGACCAAGCCTAGTGTAGAACCATGTCGTCAGTGTCAGTCTGAGTGTAGATCTCGGTGGTCGCCGTATCATTAAAAAAAAAAATGTAATACTACTAGTAATTATTAATATTATAATTTTGTCTATTAGCATCTTATTATAGATAGAAGATATTATTCATATTTCACTATCTTATACTGATATCAGCTTTATCAGATCACACTCTAGTGAAGATTGTTCTTAACTGAAATTTCCTTCTTCATACAGACACATTAATCTTACCTA
+
EFGGGGGGGGGCGGGGGFCFFFGGGGGFGGGGGGGGGGGFGGGGGGGFGFFFCFGGFFGGGGGGGGGFGGGGFGGGDG<FD@4@CFFGGGGCFFAFEFEG+,9,,,,99,,,5,,49,4,8,4,444,4,4,,,,,,,,,,,,,,8,,,,63,,,,,,,,376,3,,,,,,,8,,,,,,,,,+++++++++++++3++25+++0+*+0+*0+***))*0))1/+++**************.****.*******0*********/(,(/).)))1)).).).
@ITSLSUmock2p.ITS_M01384:138:000000000-C9GKM:1:1101:14440:2043 2:N:0
ACCCGTCAATTTCTTTAAGTTTTAGCCTTGCGACCGTACTCCCCAGGCGGTGCACTTAGTGGTTTTCCGGCGACCCGGGCGGCGTCAGAGCCCCCCAAGTCTCGTGCACATCGTTTACGGCGTGGACTACCAGGGTATCTAATCCTGTTTGATCCCCACGCTTTCGTGCCTCAGCGTCAGTACCGGCCCAGCCACCCGTCTTCACCTTCGGCGTTCCTGTAGATATCTACGCATTTCACCGCTACACCTACAGTTCCGGTGGCGCCTACCGGCCTCAAGAAACGCAGTATGCCCAGCTATT
+
CCCCCGGGGGGGGGGGGGGGGGGGGGGGGEGGGGGGGGGGGGGGFGGGGGGGGGGGG9FGGGGGGGGGGGGGGGGGGGGGGGGGGGGEGGGGGGGGGCGFGFGGGGGGGGGGGGGGGGGDGGGDEEFGGGGGGGGGGGGFFGGG9EGFGGFCGGCGGGCCGEGGGEGFGGGG6B6*=EGGGGGGG8ECCEGGGGCFGDEEGGG?FGFGGC39:>EGGGGGGF7=9:A@FBF>DGCGFF=75C=DBCF74DFFFF*/91B>9>?9?>>:B?>F>FBB:??200:699>?AA2)34F?2))54
