\begin{tabular}{lrrrr}
\toprule
 name                &   min\_len &   max\_len &   avg\_len &   num\_seqs \\
\midrule
 ./tests/inputs/1.fa &        50 &        50 &     50.00 &          1 \\
\bottomrule
\end{tabular}
