\begin{tabular}{lrrrr}
\hline
 name                &   min_len &   max_len &   avg_len &   num_seqs \\
\hline
 ./tests/inputs/1.fa &        50 &        50 &     50.00 &          1 \\
\hline
\end{tabular}
