{| class="wikitable" style="text-align: left;"
|+ <!-- caption -->
|-
! name                !! align="right"|   min_len !! align="right"|   max_len !! align="right"|   avg_len !! align="right"|   num_seqs
|-
| ./tests/inputs/1.fa || align="right"|        50 || align="right"|        50 || align="right"|     50.00 || align="right"|          1
|}
