| name                |   min_len |   max_len |   avg_len |   num_seqs |
|:--------------------|----------:|----------:|----------:|-----------:|
| ./tests/inputs/2.fa |        49 |        79 |     64.00 |          5 |
