\begin{tabular}{lrrrr}
\hline
 name                &   min\_len &   max\_len &   avg\_len &   num\_seqs \\
\hline
 ./tests/inputs/2.fa &        49 &        79 &     64.00 &          5 \\
\hline
\end{tabular}
