\begin{tabular}{lrrrr}
\toprule
 name                &   min\_len &   max\_len &   avg\_len &   num\_seqs \\
\midrule
 ./tests/inputs/2.fa &        49 &        79 &     64.00 &          5 \\
\bottomrule
\end{tabular}
