name                       min_len    max_len    avg_len    num_seqs
./tests/inputs/1.fa             50         50      50.00           1
./tests/inputs/2.fa             49         79      64.00           5
./tests/inputs/empty.fa          0          0       0.00           0
