name                       min_len    max_len    avg_len    num_seqs
./tests/inputs/empty.fa          0          0       0.00           0
