Rosalind_0378 Rosalind_7135
Rosalind_0914 Rosalind_2840
Rosalind_1144 Rosalind_5870
Rosalind_2095 Rosalind_0045
Rosalind_2840 Rosalind_4493
Rosalind_2943 Rosalind_1144
Rosalind_3470 Rosalind_0281
Rosalind_4581 Rosalind_4374
Rosalind_5867 Rosalind_6515
Rosalind_7148 Rosalind_6515
Rosalind_7364 Rosalind_6988
Rosalind_7751 Rosalind_1517
Rosalind_9983 Rosalind_2130
