Rosalind_0045 Rosalind_7052
Rosalind_0045 Rosalind_8831
Rosalind_0378 Rosalind_7052
Rosalind_0378 Rosalind_8831
Rosalind_0491 Rosalind_1064
Rosalind_0491 Rosalind_1844
Rosalind_0491 Rosalind_3957
Rosalind_0505 Rosalind_3293
Rosalind_0505 Rosalind_3966
Rosalind_0505 Rosalind_7751
Rosalind_0507 Rosalind_7135
Rosalind_0614 Rosalind_0045
Rosalind_0614 Rosalind_2666
Rosalind_0614 Rosalind_3345
Rosalind_0614 Rosalind_7158
Rosalind_0614 Rosalind_7173
Rosalind_0691 Rosalind_3470
Rosalind_0706 Rosalind_3518
Rosalind_0706 Rosalind_6802
Rosalind_0706 Rosalind_9945
Rosalind_0726 Rosalind_6194
Rosalind_0850 Rosalind_1890
Rosalind_0850 Rosalind_6084
Rosalind_0850 Rosalind_7595
Rosalind_0914 Rosalind_9850
Rosalind_1126 Rosalind_3518
Rosalind_1126 Rosalind_6802
Rosalind_1126 Rosalind_9945
Rosalind_1144 Rosalind_2208
Rosalind_1195 Rosalind_0491
Rosalind_1195 Rosalind_0850
Rosalind_1195 Rosalind_4581
Rosalind_1280 Rosalind_7493
Rosalind_1517 Rosalind_7052
Rosalind_1517 Rosalind_8831
Rosalind_1836 Rosalind_4566
Rosalind_1836 Rosalind_6515
Rosalind_1844 Rosalind_0614
Rosalind_1844 Rosalind_4374
Rosalind_1844 Rosalind_5867
Rosalind_2095 Rosalind_0001
Rosalind_2095 Rosalind_2943
Rosalind_2095 Rosalind_5193
Rosalind_2576 Rosalind_4493
Rosalind_2840 Rosalind_7148
Rosalind_2872 Rosalind_8788
Rosalind_2900 Rosalind_1836
Rosalind_2943 Rosalind_3614
Rosalind_3147 Rosalind_1502
Rosalind_3147 Rosalind_7653
Rosalind_3147 Rosalind_9726
Rosalind_3293 Rosalind_9421
Rosalind_3377 Rosalind_1280
Rosalind_3470 Rosalind_0281
Rosalind_3614 Rosalind_1836
Rosalind_3624 Rosalind_1836
Rosalind_3888 Rosalind_0378
Rosalind_3888 Rosalind_3147
Rosalind_3966 Rosalind_3470
Rosalind_4067 Rosalind_2872
Rosalind_4304 Rosalind_1890
Rosalind_4304 Rosalind_6084
Rosalind_4304 Rosalind_7595
Rosalind_4374 Rosalind_9421
Rosalind_4493 Rosalind_9421
Rosalind_4536 Rosalind_9850
Rosalind_4566 Rosalind_0507
Rosalind_4566 Rosalind_7135
Rosalind_5119 Rosalind_1517
Rosalind_5184 Rosalind_2576
Rosalind_5184 Rosalind_2900
Rosalind_5472 Rosalind_0505
Rosalind_5472 Rosalind_6708
Rosalind_5472 Rosalind_7871
Rosalind_5867 Rosalind_1280
Rosalind_5870 Rosalind_0726
Rosalind_5933 Rosalind_2576
Rosalind_5933 Rosalind_2900
Rosalind_6084 Rosalind_3614
Rosalind_6462 Rosalind_2095
Rosalind_6462 Rosalind_2840
Rosalind_6462 Rosalind_8309
Rosalind_6515 Rosalind_5472
Rosalind_6515 Rosalind_5933
Rosalind_6708 Rosalind_3624
Rosalind_6708 Rosalind_4067
Rosalind_6708 Rosalind_4731
Rosalind_6802 Rosalind_9850
Rosalind_6911 Rosalind_7052
Rosalind_6911 Rosalind_8831
Rosalind_7052 Rosalind_2576
Rosalind_7052 Rosalind_2900
Rosalind_7135 Rosalind_0001
Rosalind_7135 Rosalind_2943
Rosalind_7135 Rosalind_5193
Rosalind_7148 Rosalind_1280
Rosalind_7158 Rosalind_0691
Rosalind_7158 Rosalind_6711
Rosalind_7173 Rosalind_2337
Rosalind_7173 Rosalind_9894
Rosalind_7364 Rosalind_2576
Rosalind_7364 Rosalind_2900
Rosalind_7493 Rosalind_5168
Rosalind_7493 Rosalind_9390
Rosalind_7493 Rosalind_9983
Rosalind_7595 Rosalind_0691
Rosalind_7595 Rosalind_6711
Rosalind_7751 Rosalind_1517
Rosalind_7871 Rosalind_4566
Rosalind_7871 Rosalind_6515
Rosalind_8145 Rosalind_9850
Rosalind_8788 Rosalind_3614
Rosalind_8831 Rosalind_7148
Rosalind_8840 Rosalind_3293
Rosalind_8840 Rosalind_3966
Rosalind_8840 Rosalind_7751
Rosalind_9149 Rosalind_7493
Rosalind_9346 Rosalind_0507
Rosalind_9346 Rosalind_7135
Rosalind_9726 Rosalind_0378
Rosalind_9726 Rosalind_3147
Rosalind_9850 Rosalind_0726
Rosalind_9945 Rosalind_4566
Rosalind_9945 Rosalind_6515
Rosalind_9983 Rosalind_2872
