Rosalind_0467 Rosalind_7227
Rosalind_0610 Rosalind_2014
Rosalind_0610 Rosalind_8870
Rosalind_0610 Rosalind_9093
Rosalind_0821 Rosalind_9039
Rosalind_0821 Rosalind_9143
Rosalind_0907 Rosalind_8442
Rosalind_1032 Rosalind_3260
Rosalind_1032 Rosalind_5365
Rosalind_1032 Rosalind_8935
Rosalind_1071 Rosalind_0467
Rosalind_1078 Rosalind_2267
Rosalind_1078 Rosalind_6245
Rosalind_1083 Rosalind_4407
Rosalind_1181 Rosalind_2771
Rosalind_1181 Rosalind_2772
Rosalind_1181 Rosalind_3662
Rosalind_1489 Rosalind_4585
Rosalind_1532 Rosalind_2014
Rosalind_1532 Rosalind_8870
Rosalind_1532 Rosalind_9093
Rosalind_1809 Rosalind_5581
Rosalind_1865 Rosalind_6165
Rosalind_2014 Rosalind_3333
Rosalind_2014 Rosalind_9475
Rosalind_2036 Rosalind_2307
Rosalind_2036 Rosalind_5201
Rosalind_2102 Rosalind_6156
Rosalind_2102 Rosalind_8786
Rosalind_2343 Rosalind_0610
Rosalind_2343 Rosalind_3612
Rosalind_2343 Rosalind_6969
Rosalind_2350 Rosalind_2014
Rosalind_2350 Rosalind_8870
Rosalind_2350 Rosalind_9093
Rosalind_2644 Rosalind_8162
Rosalind_2644 Rosalind_8964
Rosalind_2771 Rosalind_6165
Rosalind_2772 Rosalind_1083
Rosalind_3213 Rosalind_1181
Rosalind_3260 Rosalind_1083
Rosalind_3333 Rosalind_0610
Rosalind_3333 Rosalind_3612
Rosalind_3333 Rosalind_6969
Rosalind_3545 Rosalind_2267
Rosalind_3545 Rosalind_6245
Rosalind_3679 Rosalind_4292
Rosalind_3679 Rosalind_6724
Rosalind_4005 Rosalind_0821
Rosalind_4005 Rosalind_2036
Rosalind_4005 Rosalind_4771
Rosalind_4005 Rosalind_6895
Rosalind_4005 Rosalind_9110
Rosalind_4012 Rosalind_1715
Rosalind_4080 Rosalind_0070
Rosalind_4080 Rosalind_6708
Rosalind_4116 Rosalind_3393
Rosalind_4292 Rosalind_2267
Rosalind_4292 Rosalind_6245
Rosalind_4407 Rosalind_1078
Rosalind_4407 Rosalind_1532
Rosalind_4407 Rosalind_4964
Rosalind_4407 Rosalind_6983
Rosalind_4407 Rosalind_8232
Rosalind_4513 Rosalind_0610
Rosalind_4513 Rosalind_3612
Rosalind_4513 Rosalind_6969
Rosalind_4585 Rosalind_3359
Rosalind_4585 Rosalind_4005
Rosalind_4585 Rosalind_5108
Rosalind_4585 Rosalind_6425
Rosalind_4771 Rosalind_3213
Rosalind_4771 Rosalind_4116
Rosalind_4771 Rosalind_5627
Rosalind_4963 Rosalind_1032
Rosalind_4964 Rosalind_1032
Rosalind_5025 Rosalind_6125
Rosalind_5108 Rosalind_7227
Rosalind_5201 Rosalind_6131
Rosalind_5221 Rosalind_1071
Rosalind_5365 Rosalind_1865
Rosalind_5365 Rosalind_2350
Rosalind_5581 Rosalind_1489
Rosalind_5581 Rosalind_3679
Rosalind_5581 Rosalind_4080
Rosalind_5581 Rosalind_8452
Rosalind_5627 Rosalind_8754
Rosalind_6125 Rosalind_0467
Rosalind_6165 Rosalind_2267
Rosalind_6165 Rosalind_6245
Rosalind_6245 Rosalind_2644
Rosalind_6245 Rosalind_9503
Rosalind_6425 Rosalind_0467
Rosalind_6708 Rosalind_0610
Rosalind_6708 Rosalind_3612
Rosalind_6708 Rosalind_6969
Rosalind_6895 Rosalind_1865
Rosalind_6895 Rosalind_2350
Rosalind_6938 Rosalind_6125
Rosalind_6969 Rosalind_1078
Rosalind_6969 Rosalind_1532
Rosalind_6969 Rosalind_4964
Rosalind_6969 Rosalind_6983
Rosalind_6969 Rosalind_8232
Rosalind_6983 Rosalind_0467
Rosalind_7026 Rosalind_1998
Rosalind_7227 Rosalind_6156
Rosalind_7227 Rosalind_8786
Rosalind_7444 Rosalind_1032
Rosalind_7497 Rosalind_3359
Rosalind_7497 Rosalind_4005
Rosalind_7497 Rosalind_5108
Rosalind_7497 Rosalind_6425
Rosalind_7895 Rosalind_2644
Rosalind_7895 Rosalind_9503
Rosalind_8232 Rosalind_2102
Rosalind_8232 Rosalind_6938
Rosalind_8442 Rosalind_0070
Rosalind_8442 Rosalind_6708
Rosalind_8452 Rosalind_2307
Rosalind_8452 Rosalind_5201
Rosalind_8754 Rosalind_2644
Rosalind_8754 Rosalind_9503
Rosalind_8964 Rosalind_1078
Rosalind_8964 Rosalind_1532
Rosalind_8964 Rosalind_4964
Rosalind_8964 Rosalind_6983
Rosalind_8964 Rosalind_8232
Rosalind_9039 Rosalind_9143
Rosalind_9047 Rosalind_3545
Rosalind_9056 Rosalind_1071
Rosalind_9093 Rosalind_9047
Rosalind_9093 Rosalind_9056
Rosalind_9110 Rosalind_7895
Rosalind_9110 Rosalind_8270
Rosalind_9138 Rosalind_1489
Rosalind_9138 Rosalind_3679
Rosalind_9138 Rosalind_4080
Rosalind_9138 Rosalind_8452
Rosalind_9503 Rosalind_7026
Rosalind_9524 Rosalind_4292
Rosalind_9524 Rosalind_6724
Rosalind_9595 Rosalind_3260
Rosalind_9595 Rosalind_5365
Rosalind_9595 Rosalind_8935
Rosalind_9814 Rosalind_7026
Rosalind_9909 Rosalind_4292
Rosalind_9909 Rosalind_6724
