Rosalind_0070 Rosalind_1715
Rosalind_2102 Rosalind_6969
Rosalind_2350 Rosalind_0040
Rosalind_4964 Rosalind_2102
Rosalind_5581 Rosalind_4585
Rosalind_6131 Rosalind_7960
Rosalind_6245 Rosalind_6125
Rosalind_6708 Rosalind_7895
Rosalind_9056 Rosalind_6938
