>1
AACTATGTTTTGGTTAATATTAAAAACGAATCCGCGTTATCATCAAACGCTTAAAACTACCCTCGGAA
>2
GGCCCCGATAAGCTATAAACGACCAGAAAAGATGTAATAAGTTTCTTTCCAAGTCACCCAT
>3
TGTTGATGCTCTATCTACTCTCATTAAAACTTTATTAAATCAGTTGGAACAGATACCAACTTAAGACACG
>4
TACACGTCATTGACGTAGAACTTGATGATTCAACCTGACTTTTCTCAGAGCTGAACAAATCAGTATATTTGTA
>5
TTTTTATGAATTTAGTTAATTTCTGTAGCGTCTTCCAACTGCTATAGATAAAAT
>6
AAAGTTACTAATACTTTTACTATGACTCTACACGAAACGTAACTCAAAAATT
>7
TATCAATGCTTTTAGTCTGTATAAGTGCATTTTTGGTTGGTAGTTCTGGTATTTCAATAATGAAGGC
>8
CTGCTTCATATGTAATTGATCAGGGTGATAGATCACTAGTGCGGAACCATTCATGTTCTTCTTACTCGCA
>9
GTACTAGTGCATCTCGAAGTGCTACTGAAGTATGAGTTAAGGCTTGGAAACGCATGAGGATAATAGATA
>10
AGTGATTGATTACCTTGATGGCAAATCAGTATATTTTCATTAAGAACTTTATAAAAATAGC
>11
AGCCCCAGCATGTTGATTATTTTTATTCCCTTAATAACAAGGCCGGCGCGCCCAGCGCACC
>12
AGCAGACATGTCTAAAAGTAAAATTTCCAAATTTTTTAGATTTACTACTTAGAGGAATATGGTGGTAGCTA
>13
AAACTTTCTAATAAAATTTTCTCAAAAGGGAGGATTGAGGCTCATCTAATTTTTTTG
>14
ATCATTGCTCTTCCAAACCGTCAATTTTAAATCATTTTTTTAGATGTTTTGTCCTTGCAGTATTTTTATCT
>15
AGATTAAGCGTGAGCGATTAGTTTTAAAATTTCTTTTTCTTGATATCAAATCCTGATTATGAAGGTA
>16
GGTGAGGTGCCGACACTAACTGAAGCACCTTTGAAAAAGAGTAATGTCAGCGAATTGTGGGTGGTCAACAGAA
>17
TGAGCGCTGGAGATGGATACTCTTTTGCTATTGAAAAAGATAAGGCTTTGAATTAACTAAATTCT
>18
TGTATTTTTGCGATACGTCATCGCTAATGAAAAAGTTCCAGCTTCTCTCCTAAAGGCCTAGGTATCCCTTTAAA
>19
CATAGATTCAAGAACTTTGATGGGGTCCCATTTTTTAAGTAATCTCAGATC
>20
TGGAGATCTCAGACTAAGAAGATTATCAAGAATTGACGGAAGAGATTTAGGAAATATAGACAAGT
>21
TGTAATTTGATACGTCACCCCCATCTGACACTCCTGCTGCTCCTTTATTTAGATTCCGAATATTCATCTT
>22
CCTGATCGAAAACTAACAATTTTAACACCTTTGCTGTGGGCAACTCAGGAAAGCACTTTTTTCC
>23
GTTGATTTGATCTAATCTTACTACCAAAAGATAAGCAATATGATACATAATATAAAGAGAATATAAGTGA
>24
AGGTGTTCTAAATGAAGGGGAATTGGCTGTTGTTACTAGAATTCACCTTTCATAAGATAGTTGCAACA
>25
TAGCCCATACATCTGGGTAACAGCACAGCCATTTCCATATTATATTAAACTTAAAA
>26
TTCTTTCACGGTAATTGGAGATATCTATAAGACATCAAGAAAGACTCATC
>27
CCGACCCACTCTTACTTATTTCAACAGCATTTCCACCCATTATGTAAAGGATATGAGT
>28
CAAGTCTCAGCAAATCTTCAGAAATGATCGGGAGGGGCGCAGGACGCTGCG
>29
TATAATCACCGGGATTTATTTTTAAGGCTTGTAAATTTTCAATTTGTTTGGACCTATTTCATTTTTCTT
>30
ATTTAGAACTAAATTGTCTAATATAGTAAGCTTGATATTATTTTCTGTGA
>31
ACCCACAAAAAAAGATAAAAGAGGAGACAAGATACTTTTTTCTAAAAGCAACAAAAAGAA
>32
CGGCGCGGAACTTACGGCGCAGTCTTTTAAAGATGATTTTTATCTTCTATTCAAAATTCAGACATTAAA
>33
GGTGAGTTTAAACTCTGCAGTATTTAACTTCAAGTATAGGTTAATCTATCAAAGACCAAGGA
>34
CCGGTAAAATATCTTGAAAACGAACAACTATGTTTGATGAATTGATTTAGGTATTG
>35
TAATGGCGCTGCTATGGAAAAAATTTATAAAATATATAAATGGATTGAATTAAATAAATCTC
>36
ATGTAGGTCAAGTTTCACTCGTCTCGCTTCTTGGCGAACATAATCTTCTGTAACAGGCCATAAAAT
>37
AGGCGATGAAATGACCATTTCCTTGAACGAGGCCGACTGAGTGTAAAGCCCTTCAACTCTCCA
>38
CATTATGACCACCTTGTTTTAGCTATTCCTAAAAGAATCATTCATTGAAA
>39
AGGAAGAACCAAGACATATAGAAACATCAACTAGAACAGACTTAGAGGAAACAAATAGTAAA
>40
TAGTTCCCTTAATAATGGTATTGAAAGTGAGCTTGATGGAGAAGTAACATAAGTAAAAACTAC
>41
CCTGAGCCTAGGTTTTTCAGGACTACAAATAAGAATAAATTCATAATAGATATTTAAAAATAAAGAA
>42
CGTATCCTGCACCAACAAATACTTCATGATTTACTACTTAGAGGAAACACTCGAAGATTAGTC
>43
CCACAAATAAAAAAATGATGGTTCTGCTCTCCCTAATATTGAAGTACATTAAG
>44
ATCCAAATCTGGTGAAATGCCCATAAGAAAAGATACTTTGAGTATTGTTT
>45
AGTAGAAAGGTTCAGCAGGTTCTTCAATCCCCTTCATGATTACTTAAACCATTAGTTCTTGTAAGTCCAATTCGA
>46
TTCACATTTGATTTTGTATTTAAAATTAATATTATTTATTCCATGAATTT
>47
GTATTTCAATCCAGATGATCAAAAATTTTAGGGATTTTTATCTGTATACGAAACAG
>48
ACAAAAAAGGGCTGTTGACTCTCACTCCTGAAGTTGTTCAATTTATCAAATACTAAAATGCTAGAAAATT
>49
AGAGGGAAAAAATTCCACTTTCTCAATATCGAGTATAGTCGAATTTCAGTCAAGAAATGAAACTTT
>50
TTACCGCTAAACAAGACTCTAATCTTGTTGTGATGGATCTTTAGCAACTTCCG
>51
CTGCTTGTGCGGGCTGCATCCAGAAAGCATGCACTTTGGGCCGCACAGCAAAATTTATCAGTTTGCA
>52
TATGCTTTTCTTATTTGTAAATGGAAAATTGGATGTCTAAATTTTTCTAA
>53
GGAACTTTTTAACAAATTCTAGCTGCATTAGCATTGTCAGTAGAGAGTTAATTATACTGGAT
>54
TGGATGTCAGTACAATCCGAAAGTCTCGGTCCAGCATTTGTCCTGTCAGTAAGTTCT
>55
AAGCTACAGCGTCGTTAATTATTCTTAAATCTTGAGCATTAGGAATGAAATAAAA
>56
CGACAGAGGCTGCATATTTAATATGAAATATCAGTGTATTTGTCATAATGTTAAAAGGGTCAGTCGCTTTTTAT
>57
TGAAATCAATGATGACTTTGTATTTGATGAAATACCACCATTATACTCATATTCAGTAGGTCTA
>58
ATACCGACCAATTCCAACCCCAATTTATCTCTTGGAATAAATGATGCTGCTAA
>59
ATATAAGAATAAATTATGGATTTACCTGTTTTTTGTAAATGGAAGATTAATTAATGC
>60
GAAGACCATGTAAATGTATATGATTTTCTTAAACGAATTTGAAGAAGTTCCTTCAGATATTTC
>61
CTCACAATCTGAGCCTTGAAGATTCATTATGGACAAAAATTCATTATTAAGATTAGACCCAAAGAAGATCCTGA
>62
AATCATGCCCTATATGATAAAATATATTATTAATCCATTTCCCATATTTTTCATGTTGTTGACCGTATGGA
>63
CACTTGGGTTCTCTATGTTTTCAGTTTCATTTTTACTATTCTTGAGAGAGGATACAGGATCA
>64
CACCTAGAAAGTTAATGATGGGTGCTGAGCATGGGTATGCTATTGGAATGTTAGTAGGAACATCAAT
>65
CCTGTATGGATTTTGTATTTAATTCATCAATATATTTAGGTGTAGTTGAAATCAATGAAAAAATTTTTTAGGCGC
>66
TCTTTAAGGACTTTAATAATTTTATATAATTTCTTCCTCGCTTTCAAAATCAGGGCTATTTAACAA
>67
TAACTAATTTCACCGGATCAAACTACGCTCTACAATTCTATGAAAGTAATACACG
>68
CTTTCTTTACCAATAACATGCATAAAACCAGCAAAACGGAATAAATGAATCTTTATATAAATTACTCT
>69
ATGCGCGCTGCCTCAAGCCCATAATGGATTTGTGTACGTTTTATATCTATAATATTTATTGGAGGTC
>70
GATAGCCTGATATAATTTTAAAAGTTAGAGATGACATTAAATACTTTAAGAAGCAAATCTTTTCTTT
>71
AAATAAAATTGTTTGGCAGAGGTCGGCATCGGAATTGTCTTCAACTCTCA
>72
ATTTATATCTTTGAGGCCTGAAAATTCCTGAAGCTGACTTTAGAATATCAATT
>73
TGGACCTATTTCATTATTAAGAGTAATGTCAGCGGCAAATCGCTCCCGCGCTAACGCCCGCTAACAA
>74
TGTAATAGCTATCTGAAATATGCTGTTGGTCTCACTATTGAGACTACTCTTACTTATTTCAGAG
>75
ACTATCTTTTATTCTTGTAAGTTCATAAAACCAGGGAAATGACGTTGGGGATTTTTTGGGTAA
>76
TGGCTGTATTTGATGGCTCTTTAACAGAAAATCTTGTGGATGTAATTCATATGTTTGATGAAATCGAGAAA
>77
TTATGAAATATGCAAGATCTAAACATTTCTACTTTTGTCCATTTTGTTTATAGATGCAGTAA
>78
TTTAATGCTAGAAATAAAACTAAAGATAATGTATCTTCATTAATGGTTTAGATTATTATCAGTCCAA
>79
AATCTATTGAACCATTTATATATCAATACGATCTATATTGCTACTTTAGGAAGATCTGGCATTTTTTGTAAATTA
>80
TAGGATTAGGAATAAGTTATTAATGCAATAAATGTGAATAAAAGGACTGTATTAAATAGGAAAGTCAACACCAGT
>81
GCGTATTTAGAGATTCATAATTGTCTTTTTCTTCTAAGAAGAATTTTATCGATGATCATTTTTCC
>82
GAGCGCGTCAATGATCAAGGATTTTTGCCAATTTCACTTACTAATGTTGCGATTCCGACAAA
>83
GACATCAATGTTATTACAAGAGATTTAATTTATCAGAAAGTCACACACACATTAACGATAACATCGATTGGA
>84
AAATTAGCACAGCCAATAGTAAAATTAAATCTAAAAATTGTAAAACTTCTCAGAGAGTTGGCGAAACCGCAACAT
>85
AAGACAAGAAAAGATACTTTGTCAACATATGAAATTAAGACTCAAAGACTTTTATCATCTTACATCTAGTG
>86
ATAAAGTACTCGGCAGCTACAGTGGCAAAAAAAAATAGGTTATTAGCAATGCAAAAACTTGATACATCATTCAG
>87
TTCAGCTGTTTCAGTGGATAAAATGAGTCATTACTCAAAGGAAACATTAAATTTGATTTTTTTGTTTCGGGA
>88
AATACAACGATAAATCTCTCTTTAACAAGTTTTGCCATTTATTTGATACTGGTTGAGGT
>89
ACGGACATGGTGTAGAAACAAGCTACAGATTATATTGATTTATATAACTGCCTATGGATGGTGAT
>90
CTTGAAGAGAAAAGAGCCCAATTTATACTCCTATACTCCCCTCATTACGCCGGAACGTTGGG
>91
CAAGGGCCGGATAGGAACTTTTTATGATAGATTTTAAAAAGTACATAGGGGA
>92
TTGTTGGTGGAGTCATAGAATCAAGACCAAATAGACTATTAATAATATCCATTAATT
>93
CTTGGTAAAAACTTTATGTAATTCGGTAATAGAGAATTAGAAAAAAGAAATCTGGGTTACATATCAT
>94
CCTCTAAATTTTGGTAACAGAAATCGGTATCCAACATTTCCAGAAAATAAATTCTTGGGAGTATAAAAA
>95
ATGTCAAAGAACCGATTCAAAACATCTTTAGCTAGTTTTATTAATTATATTTTCTGTAGTT
>96
TAAAAGAACAAATGAAACATAAGTTTCTTTCCAACCAATACTTCTCTTAAATGCATCTTGATTAATTGCCT
>97
TCTCCAACCTAACCCAACTAATTTAAATGGTCTGAACAAAAATTACTTAATAAAAGCTGTTAGAGTTCCAGG
>98
GAATATTTGAAGAAGTTGAAATTATGGGGTCTTTACAAAAATAATATATCGGGAAAAATTAATGGGC
>99
AACCATGGAGTCTATCATTAAATATTTCTATTATTTCTTTTTGTGTCAAGGAAGCGCCGCTCAAT
>100
TAATATCCTTTCTCCCCTACATAGTTTAAATTGATAAAAGCACCTACGGCTATAG
