>1
TATTGCTCTTTTAGCTTGGCAAGGTATCAAGCTTTTTATTTTGTGTTAGAGACACTTCAAGCTGTTAG
>2
AAGGGAAATAGTCCATCCACTGTATAAGAATAATTTTAGCCAATCATTAGTGTCATAAATT
>3
CATGAAATTTTAGATGTAATGCTTGGTGAAAATCATAAGTTCTATGAATGATATTAGAAAGGCCATTTTC
>4
ATAGCACTAATAAATTAGTCTTGAAAATGGTTTGGGAACAAATGAAGAAAATCATAATGCAGCTCCCATTCCG
>5
TCTGTGATATCCAGTGGAGATTTAATAACTTGGCAACACGGGCATTGTATAAAA
>6
GAAAGAGCTGGGTTAAGTATGCAACTTGCAGCAGCCATTGTGTGGCAAATAA
>7
TCATTGCTTTTTGTTCCAATCTGTCAGCCCCCTGATGAATGTATCAATTTCTT
>8
GAGACTGCCGGTGCAAACCGNGAGGAAGGTGGGGTTAAACTTATCAAAATCTTCAATAGCGAAGAACAGATG
>9
AAAGTTGCTAAAACTTGTTTTCTAATCATTGTAGATTCTATAGGTTAAGTCCTTCTTCTTTAAGATATATATTT
>10
CTTAATCTTCCTCGAAGGAAAATATTCCATAAGCAACAAGTAAGAGACCAAAAAGAAAATATTTAACAAAACTAT
