64 81 99 138 145 164 171 208 226 235 242 278 297 380 388 404 432 470 538 545 589 596 640 659 814 872 879 904
